// Jest Snapshot v1, https://goo.gl/fbAQLP

exports[`NotificationComponent renders 1`] = `null`;
